../Core/MyApp/Ports/lcd.c:41:6:ClearBits	8	static
../Core/MyApp/Ports/lcd.c:49:6:LCD_cursor_home	8	static
../Core/MyApp/Ports/lcd.c:55:6:LCD_clear	8	static
../Core/MyApp/Ports/lcd.c:63:6:LCD_XY	24	static
../Core/MyApp/Ports/lcd.c:80:6:LCD_init	40	static
../Core/MyApp/Ports/lcd.c:134:6:LCD_putchar	16	static
../Core/MyApp/Ports/lcd.c:143:6:LCD_put	24	static
../Core/MyApp/Ports/lcd.c:163:6:LCD_puts	16	static
../Core/MyApp/Ports/lcd.c:169:6:LCD_putint	48	static
../Core/MyApp/Ports/lcd.c:193:13:LCD_writenibble	16	static
../Core/MyApp/Ports/lcd.c:213:13:LCD_writebyte	24	static
../Core/MyApp/Ports/lcd.c:234:6:LCD_writecontrol	16	static
../Core/MyApp/Ports/lcd.c:241:6:busyflag	8	static
../Core/MyApp/Ports/lcd.c:276:6:LCD_createChar	24	static
